nohup: ignoring input
Watching for file changes with StatReloader
[24/May/2025 20:49:24] "GET /chat/176/update HTTP/1.0" 200 16
[24/May/2025 20:49:25] "GET /chats/undreaddm/ HTTP/1.0" 200 12
[24/May/2025 20:49:26] "GET /chats/undreaddm/ HTTP/1.0" 200 12
[24/May/2025 20:49:28] "GET /chats/undreaddm/ HTTP/1.0" 200 12
[24/May/2025 20:49:28] "GET /chat/1/update HTTP/1.0" 200 16
[24/May/2025 20:49:28] "GET /chat/176/update HTTP/1.0" 200 16
[24/May/2025 20:49:28] "GET /chats/undreaddm/ HTTP/1.0" 200 12
[24/May/2025 20:49:30] "GET /chats/undreaddm/ HTTP/1.0" 200 12
[24/May/2025 20:49:32] "GET /chats/undreaddm/ HTTP/1.0" 200 12
[24/May/2025 20:49:33] "GET /chat/176/update HTTP/1.0" 200 16
[24/May/2025 20:49:34] "GET /chats/undreaddm/ HTTP/1.0" 200 12
[24/May/2025 20:49:36] "GET /chats/undreaddm/ HTTP/1.0" 200 12
[24/May/2025 20:49:38] "GET /chat/176/update HTTP/1.0" 200 16
[24/May/2025 20:49:38] "GET /chats/undreaddm/ HTTP/1.0" 200 12
[24/May/2025 20:49:40] "GET /chats/undreaddm/ HTTP/1.0" 200 12
[24/May/2025 20:49:42] "GET /chats/undreaddm/ HTTP/1.0" 200 12
[24/May/2025 20:49:43] "GET /chat/176/update HTTP/1.0" 200 16
[24/May/2025 20:49:45] "GET /chats/undreaddm/ HTTP/1.0" 200 12
[24/May/2025 20:49:47] "GET /chats/undreaddm/ HTTP/1.0" 200 12
[24/May/2025 20:49:49] "GET /chat/176/update HTTP/1.0" 200 16
[24/May/2025 20:49:49] "GET /chats/undreaddm/ HTTP/1.0" 200 12
[24/May/2025 20:49:51] "GET /chats/undreaddm/ HTTP/1.0" 200 12
[24/May/2025 20:49:53] "GET /chats/undreaddm/ HTTP/1.0" 200 12
[24/May/2025 20:49:54] "GET /chat/176/update HTTP/1.0" 200 16
[24/May/2025 20:49:54] "GET /chat/1/update HTTP/1.0" 200 16
[24/May/2025 20:49:54] "GET /chats/undreaddm/ HTTP/1.0" 200 12
[24/May/2025 20:49:55] "GET /chats/undreaddm/ HTTP/1.0" 200 12
[24/May/2025 20:49:57] "GET /chats/undreaddm/ HTTP/1.0" 200 12
[24/May/2025 20:49:59] "GET /chat/176/update HTTP/1.0" 200 16
[24/May/2025 20:49:59] "GET /chats/undreaddm/ HTTP/1.0" 200 12
[24/May/2025 20:50:01] "GET /chats/undreaddm/ HTTP/1.0" 200 12
[24/May/2025 20:50:03] "GET /chats/undreaddm/ HTTP/1.0" 200 12
[24/May/2025 20:50:04] "GET /chat/176/update HTTP/1.0" 200 16
[24/May/2025 20:50:05] "GET /chats/undreaddm/ HTTP/1.0" 200 12
[24/May/2025 20:50:07] "GET /chats/undreaddm/ HTTP/1.0" 200 12
[24/May/2025 20:50:09] "GET /chat/176/update HTTP/1.0" 200 16
[24/May/2025 20:50:09] "GET /chats/undreaddm/ HTTP/1.0" 200 12
[24/May/2025 20:50:11] "GET /chats/undreaddm/ HTTP/1.0" 200 12
[24/May/2025 20:50:12] "GET / HTTP/1.0" 200 12673
[24/May/2025 20:50:12] "GET /chats/undreaddm/ HTTP/1.0" 200 12
[24/May/2025 20:50:13] "GET /chats/undreaddm/ HTTP/1.0" 200 12
[24/May/2025 20:50:14] "GET /chat/176/update HTTP/1.0" 200 16
[24/May/2025 20:50:14] "GET /chats/undreaddm/ HTTP/1.0" 200 12
[24/May/2025 20:50:15] "GET /chats HTTP/1.0" 301 0
[24/May/2025 20:50:15] "GET /chats/undreaddm/ HTTP/1.0" 200 12
[24/May/2025 20:50:15] "GET /chats/ HTTP/1.0" 200 12661
[24/May/2025 20:50:15] "GET /chats/undreaddm/ HTTP/1.0" 200 12
[24/May/2025 20:50:16] "GET /chats/partial HTTP/1.0" 301 0
[24/May/2025 20:50:16] "GET /chats/partial/ HTTP/1.0" 200 388
[24/May/2025 20:50:17] "GET /chats/undreaddm/ HTTP/1.0" 200 12
[24/May/2025 20:50:17] "GET /chats/undreaddm/ HTTP/1.0" 200 12
[24/May/2025 20:50:17] "GET /chats/partial/ HTTP/1.0" 200 388
[24/May/2025 20:50:18] "GET /chat/175 HTTP/1.0" 301 0
[24/May/2025 20:50:18] "GET /chat/175/ HTTP/1.0" 200 15697
[24/May/2025 20:50:19] "GET /chat/176/update HTTP/1.0" 200 16
[24/May/2025 20:50:19] "GET /chats/undreaddm/ HTTP/1.0" 200 12
[24/May/2025 20:50:19] "GET /chat/175/load?offset=0 HTTP/1.0" 200 745
[24/May/2025 20:50:19] "GET /chats/undreaddm/ HTTP/1.0" 200 12
[24/May/2025 20:50:21] "GET /chats/undreaddm/ HTTP/1.0" 200 12
[24/May/2025 20:50:21] "GET /chats/undreaddm/ HTTP/1.0" 200 12
[24/May/2025 20:50:23] "GET /chats/undreaddm/ HTTP/1.0" 200 12
[24/May/2025 20:50:23] "GET /chats/undreaddm/ HTTP/1.0" 200 12
[24/May/2025 20:50:24] "GET /chat/176/update HTTP/1.0" 200 16
[24/May/2025 20:50:24] "GET /chat/175/update HTTP/1.0" 200 240
[24/May/2025 20:50:25] "GET /chats/undreaddm/ HTTP/1.0" 200 12
[24/May/2025 20:50:25] "GET /chats/undreaddm/ HTTP/1.0" 200 12
[24/May/2025 20:50:27] "GET /chats/undreaddm/ HTTP/1.0" 200 12
[24/May/2025 20:50:27] "GET /chats/undreaddm/ HTTP/1.0" 200 12
[24/May/2025 20:50:28] "GET /chat/1/update HTTP/1.0" 200 16
[24/May/2025 20:50:28] "GET /chats/undreaddm/ HTTP/1.0" 200 12
[24/May/2025 20:50:29] "GET /chats/undreaddm/ HTTP/1.0" 200 12
[24/May/2025 20:50:29] "GET /chat/176/update HTTP/1.0" 200 16
[24/May/2025 20:50:29] "GET /chat/175/update HTTP/1.0" 200 16
[24/May/2025 20:50:29] "GET /chats/undreaddm/ HTTP/1.0" 200 12
[24/May/2025 20:50:29] "POST /chat/175/add_message HTTP/1.0" 200 21
[24/May/2025 20:50:31] "GET /chats/undreaddm/ HTTP/1.0" 200 12
[24/May/2025 20:50:31] "GET /chats/undreaddm/ HTTP/1.0" 200 12
[24/May/2025 20:50:33] "GET /chats/undreaddm/ HTTP/1.0" 200 12
[24/May/2025 20:50:33] "GET /chats/undreaddm/ HTTP/1.0" 200 12
[24/May/2025 20:50:34] "GET /chat/176/update HTTP/1.0" 200 16
[24/May/2025 20:50:34] "GET /chat/175/update HTTP/1.0" 200 16
[24/May/2025 20:50:35] "GET /chats/undreaddm/ HTTP/1.0" 200 12
[24/May/2025 20:50:35] "GET /chats/undreaddm/ HTTP/1.0" 200 12
[24/May/2025 20:50:37] "GET /chats/undreaddm/ HTTP/1.0" 200 12
[24/May/2025 20:50:37] "GET /chats/undreaddm/ HTTP/1.0" 200 12
[24/May/2025 20:50:38] "GET / HTTP/1.0" 200 13508
[24/May/2025 20:50:39] "GET /chat/176/update HTTP/1.0" 200 16
[24/May/2025 20:50:39] "GET /chats/undreaddm/ HTTP/1.0" 200 12
[24/May/2025 20:50:39] "GET /chat/175/update HTTP/1.0" 200 16
[24/May/2025 20:50:39] "GET /chats/undreaddm/ HTTP/1.0" 200 12
[24/May/2025 20:50:41] "GET /chats/undreaddm/ HTTP/1.0" 200 12
[24/May/2025 20:50:41] "GET /chats/undreaddm/ HTTP/1.0" 200 12
[24/May/2025 20:50:43] "GET /chats/undreaddm/ HTTP/1.0" 200 12
[24/May/2025 20:50:43] "GET /chats/undreaddm/ HTTP/1.0" 200 12
[24/May/2025 20:50:44] "GET /chat/175/update HTTP/1.0" 200 16
[24/May/2025 20:50:45] "GET /chats/undreaddm/ HTTP/1.0" 200 12
[24/May/2025 20:50:47] "GET /chats/undreaddm/ HTTP/1.0" 200 12
[24/May/2025 20:50:49] "GET /chat/175/update HTTP/1.0" 200 16
[24/May/2025 20:50:49] "GET /chats/undreaddm/ HTTP/1.0" 200 12
[24/May/2025 20:50:51] "GET /chats/undreaddm/ HTTP/1.0" 200 12
[24/May/2025 20:50:53] "GET /chats/undreaddm/ HTTP/1.0" 200 12
[24/May/2025 20:50:54] "GET /chat/176/update HTTP/1.0" 200 16
[24/May/2025 20:50:54] "GET /chats/undreaddm/ HTTP/1.0" 200 12
[24/May/2025 20:50:54] "GET /chat/175/update HTTP/1.0" 200 16
[24/May/2025 20:50:54] "GET /chat/1/update HTTP/1.0" 200 262
[24/May/2025 20:50:54] "GET /chats/undreaddm/ HTTP/1.0" 200 12
[24/May/2025 20:50:55] "GET /chats/undreaddm/ HTTP/1.0" 200 12
[24/May/2025 20:50:57] "GET /chats/undreaddm/ HTTP/1.0" 200 12
[24/May/2025 20:50:59] "GET /chat/175/update HTTP/1.0" 200 16
[24/May/2025 20:50:59] "GET /chats/undreaddm/ HTTP/1.0" 200 12
[24/May/2025 20:51:01] "GET /chats/undreaddm/ HTTP/1.0" 200 12
[24/May/2025 20:51:03] "GET /chats/undreaddm/ HTTP/1.0" 200 12
[24/May/2025 20:51:04] "GET /chat/175/update HTTP/1.0" 200 16
[24/May/2025 20:51:05] "GET /chats/undreaddm/ HTTP/1.0" 200 12
[24/May/2025 20:51:07] "GET /chats/undreaddm/ HTTP/1.0" 200 12
[24/May/2025 20:51:09] "GET /chat/175/update HTTP/1.0" 200 16
[24/May/2025 20:51:09] "GET /chats/undreaddm/ HTTP/1.0" 200 12
[24/May/2025 20:51:11] "GET /chats/undreaddm/ HTTP/1.0" 200 12
[24/May/2025 20:51:13] "GET /chats/undreaddm/ HTTP/1.0" 200 12
[24/May/2025 20:51:14] "GET /chat/175/update HTTP/1.0" 200 16
[24/May/2025 20:51:15] "GET /chats/undreaddm/ HTTP/1.0" 200 12
[24/May/2025 20:51:17] "GET /chats/undreaddm/ HTTP/1.0" 200 12
[24/May/2025 20:51:19] "GET /chat/175/update HTTP/1.0" 200 16
[24/May/2025 20:51:19] "GET /chats/undreaddm/ HTTP/1.0" 200 12
[24/May/2025 20:51:21] "GET /chats/undreaddm/ HTTP/1.0" 200 12
[24/May/2025 20:51:23] "GET /chats/undreaddm/ HTTP/1.0" 200 12
[24/May/2025 20:51:24] "GET /chat/175/update HTTP/1.0" 200 16
[24/May/2025 20:51:25] "GET /chats/undreaddm/ HTTP/1.0" 200 12
[24/May/2025 20:51:27] "GET /chats/undreaddm/ HTTP/1.0" 200 12
[24/May/2025 20:51:28] "GET /chat/1/update HTTP/1.0" 200 16
[24/May/2025 20:51:28] "GET /chats/undreaddm/ HTTP/1.0" 200 12
[24/May/2025 20:51:29] "GET /chat/175/update HTTP/1.0" 200 16
[24/May/2025 20:51:29] "GET /chats/undreaddm/ HTTP/1.0" 200 12
[24/May/2025 20:51:31] "GET /chats/undreaddm/ HTTP/1.0" 200 12
[24/May/2025 20:51:33] "GET /chats/undreaddm/ HTTP/1.0" 200 12
[24/May/2025 20:51:34] "GET /chat/175/update HTTP/1.0" 200 16
[24/May/2025 20:51:35] "GET /chats/undreaddm/ HTTP/1.0" 200 12
